 bonsai web · setup                                                                                               1 / 7
 ──────────────────────────────────────────────────────────────────────────────────────────────────────────────────────

  See every repo, worktree, pull request and CI run in your browser.
  Everything runs on this computer.

  Takes about a minute. Change anything later with:  bonsai web setup
































 enter start · d use defaults and go · q quit
