 Where do you want to open Bonsai?                                        3 / 7
 ──────────────────────────────────────────────────────────────────────────────

 › ● This computer (recommended)
   ○ Hosted app + this computer

   [x] Open the browser when
      bonsai web starts
 ──────────────────────────────────────────────────────────────────────────────
  This computer
  Opens http://127.0.0.1:7001

  ✓ No browser permission prompt
  ✓ Always matches your bonsai version
  ✓ Works offline








 ↑↓ choose · space toggle · enter next · esc back
