 Where do you want to open Bonsai?                                                                                3 / 7
 ──────────────────────────────────────────────────────────────────────────────────────────────────────────────────────

 ╭──────────────────────────────────╮ ╭────────────────────────────────────────────────────────────────────────────────╮
 │  › ● This computer (recommended) │ │ This computer                                                                  │
 │    ○ Hosted app + this computer  │ │ Opens http://127.0.0.1:7001                                                    │
 │                                  │ │                                                                                │
 │    [x] Open the browser when     │ │ ✓ No browser permission prompt                                                 │
 │       bonsai web starts          │ │ ✓ Always matches your bonsai version                                           │
 ╰──────────────────────────────────╯ │ ✓ Works offline                                                                │
                                      ╰────────────────────────────────────────────────────────────────────────────────╯




























 ↑↓ choose · space toggle · enter next · esc back
