 Connect GitHub                                                           4 / 7
 ──────────────────────────────────────────────────────────────────────────────

 › ✓ gh installed        2.92.0
   ✓ gh logged in        github.com · octo

  Bonsai uses your existing gh login. It never stores your token. Without it
  you still get worktrees, branches, commits and processes.















 enter next · r re-check · s skip GitHub · esc back
