 bonsai web · settings                                            ○ not running
 ──────────────────────────────────────────────────────────────────────────────

 › Projects        ~/code, ~/old · 15 repos                          ✓
   Open in         this computer + hosted app · auto-open on         ✓
   GitHub          gh not logged in · local features only            !
   Updates         Standard · checks GitHub every ~2 min             ✓
   Advanced        port 7001                                         ✗

  1 problem, 1 warning · d to see them in the doctor













 enter edit · a apply · d doctor · q quit
