 Settings saved
 ──────────────────────────────────────────────────────────────────────────────

  ✓ Your settings are saved.
  ✓ bonsai web is running at http://127.0.0.1:7001/app
    Your browser opened it.

  bonsai web status    what is running
  bonsai web logs      recent output
  bonsai web setup     change these settings
  bonsai web stop      stop everything












 o open browser · enter back to settings · q quit
