 Applying your settings                                                   7 / 7
 ──────────────────────────────────────────────────────────────────────────────

  ✓ Saved settings               ~/.config/bonsai/web.json
  ✓ Started Bonsai               http://127.0.0.1:7001
  ✓ Change receiver ready        127.0.0.1:7002
  ✓ Tunnel address               https://quiet-river.trycloudflare.com
  ✓ GitHub webhooks              octo/bonsai added
  … Waiting for GitHub's ping    octo/bonsai














 … applying
