 bonsai web · settings                                         ● running · 7001
 ──────────────────────────────────────────────────────────────────────────────

 › Projects        ~/code, ~/old · 15 repos                          ✓
   Open in         this computer + hosted app · auto-open on         ✓
   GitHub          via gh (octo)                                     ✓
   Updates         Live · Cloudflare quick tunnel · 2 repos          !
   Advanced        port 7001 · webhook port 7002                     ✓

  2 warnings · d to see them in the doctor













 enter edit · a apply · d doctor · q quit
